// Jest Snapshot v1, https://goo.gl/fbAQLP

exports[`SectionMusic component Should render the SectionMusic component 1`] = `""`;
