// Jest Snapshot v1, https://goo.gl/fbAQLP

exports[`SectionSocial component Should render the SectionSocial component 1`] = `
<Component
  className=" fullsize-background"
  hasButton={true}
  hasShell={false}
  id="social"
  style={
    Object {
      "backgroundImage": "url(images/temp/desktop.jpg)",
    }
  }
>
  <header
    className="c-section__head"
  >
    <div
      className="o-shell"
    >
      <h1>
        Social
      </h1>
    </div>
  </header>
  <div
    className="c-section__entry"
  >
    <div
      className="o-shell"
    >
      <div
        className="o-grid"
      >
        <div
          className="o-grid__item xs-12 sm-6"
        >
          <h2>
            Codersrank Profile
          </h2>
          <codersrank-widget
            branding={false}
            username="scriptex"
          />
        </div>
        <div
          className="o-grid__item xs-12 sm-6"
        >
          <h2>
            LinkedIn Profile
          </h2>
          <div
            className="LI-profile-badge"
            data-locale="en_US"
            data-size="large"
            data-theme="light"
            data-type="horizontal"
            data-vanity="scriptex"
            data-version="v1"
          >
            <Component
              className="LI-simple-link"
              href="https://bg.linkedin.com/in/scriptex?trk=profile-badge"
            >
              Atanas Atanasov
            </Component>
          </div>
        </div>
        <div
          className="o-grid__item xs-12 sm-6"
        >
          <h2>
            Twitter Profile
          </h2>
          <TwitterTimelineEmbed
            options={
              Object {
                "height": "25rem",
              }
            }
            screenName="scriptexbg"
            sourceType="profile"
            theme="dark"
          />
        </div>
        <div
          className="o-grid__item xs-12 sm-6"
        >
          <h2>
            YouTube Channel
          </h2>
          <iframe
            className="youtube-wrapper"
            height="400"
            loading="lazy"
            src="//www.youtube.com/embed/?listType=user_uploads&list=scriptex"
          />
        </div>
        <div
          className="o-grid__item xs-12 sm-6"
        >
          <h2>
            Spotify playlist
          </h2>
          <iframe
            allow="encrypted-media"
            className="spotify-player"
            frameBorder={0}
            height="380"
            src="https://open.spotify.com/embed/playlist/4MiRUEKhpi7Zb83GDxsV4W"
            width="300"
          />
        </div>
      </div>
    </div>
  </div>
  <header
    className="c-section__head"
  >
    <div
      className="o-shell"
    >
      <h1>
        <Component
          href="https://www.last.fm/user/scriptex"
        >
          Last.FM
        </Component>
         statistics
      </h1>
      <small>
        Updated at 
        Mock date
      </small>
    </div>
  </header>
  <div
    className="c-section__entry"
  >
    <div
      className="o-shell"
    >
      <div
        className="o-grid"
      >
        <div
          className="o-grid__item xs-12"
        >
          <h2>
            Top albums for last week:
          </h2>
          <Component
            items={Array []}
          />
        </div>
        <div
          className="o-grid__item xs-12"
        >
          <h2>
            Top albums for last month:
          </h2>
          <Component
            items={Array []}
          />
        </div>
      </div>
    </div>
  </div>
</Component>
`;
