// Jest Snapshot v1, https://goo.gl/fbAQLP

exports[`BlogPost component Should render the BlogPost component 1`] = `
<DocumentFragment>
  <main
    class="o-main "
  >
    <section
      class="c-section c-section--blog-post"
      id="blog-post"
    >
      <div
        class="o-shell"
      >
        <header
          class="c-section__header"
        >
          <h2>
            Bulk image watermark with NodeJS and Jimp
          </h2>
        </header>
        <div
          class="lines"
        >
          <div
            class="line line--vertical"
          />
          <div
            class="line line--vertical"
          />
          <div
            class="line line--vertical"
          />
        </div>
        <div
          class="lines"
        >
          <div
            class="line line--horizontal"
          />
          <div
            class="line line--horizontal"
          />
          <div
            class="line line--horizontal"
          />
        </div>
        <img
          alt=""
          src="/images/temp/bulk-image-watermark-with-nodejs-and-jimp.jpg"
        />
        <div
          class="c-blog-post"
        >
          <div>
            Content
          </div>
        </div>
        <div
          class="c-section__actions"
        >
          <button
            class="c-btn "
            type="button"
          >
            Get in touch
          </button>
          <ul
            class="c-section__actions-list"
          >
            <li>
              <button
                class="c-btn c-section__actions-close"
                type="button"
              >
                Close
              </button>
            </li>
            <li>
              <button
                class="c-btn "
                type="button"
              >
                <svg
                  class="c-section__actions-icon"
                >
                  <use
                    xlink:href="#svg-email"
                  />
                </svg>
                <span>
                  Contact me
                </span>
                <strong>
                  directly
                </strong>
              </button>
            </li>
            <li>
              <a
                class="c-btn"
                href="https://app.usebraintrust.com/talent/782/"
                rel="noopener noreferrer"
                target="_blank"
              >
                <svg
                  class="c-section__actions-icon"
                >
                  <use
                    xlink:href="#svg-braintrust"
                  />
                </svg>
                <span>
                  Hire me on
                </span>
                <strong>
                  Braintrust
                </strong>
              </a>
            </li>
            <li>
              <a
                class="c-btn"
                href="https://www.toptal.com/resume/atanas-atanasov"
                rel="noopener noreferrer"
                target="_blank"
              >
                <svg
                  class="c-section__actions-icon"
                >
                  <use
                    xlink:href="#svg-toptal"
                  />
                </svg>
                <span>
                  Hire me on
                </span>
                <strong>
                  Toptal
                </strong>
              </a>
            </li>
          </ul>
        </div>
      </div>
    </section>
  </main>
</DocumentFragment>
`;
