// Jest Snapshot v1, https://jestjs.io/docs/snapshot-testing

exports[`Head component Should render the Head component 1`] = `<DocumentFragment />`;

exports[`Head component Should unmount the Head component 1`] = `<DocumentFragment />`;
