// Jest Snapshot v1, https://goo.gl/fbAQLP

exports[` component Should render the  component 1`] = `
<DocumentFragment>
  <div />
  Vercel Analytics
</DocumentFragment>
`;

exports[` component Should unmount the  component 1`] = `<DocumentFragment />`;
