// Jest Snapshot v1, https://jestjs.io/docs/snapshot-testing

exports[`Document component Should render the Document component 1`] = `
<DocumentFragment>
  <div />
</DocumentFragment>
`;

exports[`Document component Should unmount the Document component 1`] = `<DocumentFragment />`;
