// Jest Snapshot v1, https://goo.gl/fbAQLP

exports[`Certificates component Should render the Certificates component 1`] = `
<DocumentFragment>
  <main
    class="o-main "
  >
    <section
      class="c-section c-section--certificates"
      id="certificates"
    >
      <div
        class="o-shell"
      >
        <header
          class="c-section__header"
        >
          <div
            class="c-section__animation"
            style="width: 150px; height: 150px; margin-left: auto; margin-right: auto;"
          />
          <h2>
            Certificates
          </h2>
        </header>
        <div
          class="c-section__body o-grid"
        >
          <div
            class="o-grid__item xs-12 sm-6"
          >
            <a
              class="c-certificate"
              href="cert/html.pdf"
              rel="noopener noreferrer"
              target="_blank"
            >
              <div
                class="c-loading"
              >
                <div
                  class="c-loader"
                />
              </div>
              <img
                alt="HTML"
                loading="lazy"
                src="cert/html.jpg"
                width="600"
              />
            </a>
          </div>
          <div
            class="o-grid__item xs-12 sm-6"
          >
            <a
              class="c-certificate"
              href="cert/javascript.pdf"
              rel="noopener noreferrer"
              target="_blank"
            >
              <div
                class="c-loading"
              >
                <div
                  class="c-loader"
                />
              </div>
              <img
                alt="JavaScript"
                loading="lazy"
                src="cert/javascript.jpg"
                width="600"
              />
            </a>
          </div>
          <div
            class="o-grid__item xs-12 sm-6"
          >
            <a
              class="c-certificate"
              href="cert/python.pdf"
              rel="noopener noreferrer"
              target="_blank"
            >
              <div
                class="c-loading"
              >
                <div
                  class="c-loader"
                />
              </div>
              <img
                alt="Python"
                loading="lazy"
                src="cert/python.jpg"
                width="600"
              />
            </a>
          </div>
          <div
            class="o-grid__item xs-12 sm-6"
          >
            <a
              class="c-certificate"
              href="cert/react.pdf"
              rel="noopener noreferrer"
              target="_blank"
            >
              <div
                class="c-loading"
              >
                <div
                  class="c-loader"
                />
              </div>
              <img
                alt="React Development"
                loading="lazy"
                src="cert/react.jpg"
                width="600"
              />
            </a>
          </div>
          <div
            class="o-grid__item xs-12 sm-6"
          >
            <a
              class="c-certificate"
              href="cert/css.pdf"
              rel="noopener noreferrer"
              target="_blank"
            >
              <div
                class="c-loading"
              >
                <div
                  class="c-loader"
                />
              </div>
              <img
                alt="CSS"
                loading="lazy"
                src="cert/css.jpg"
                width="600"
              />
            </a>
          </div>
          <div
            class="o-grid__item xs-12 sm-6"
          >
            <a
              class="c-certificate"
              href="cert/deno.pdf"
              rel="noopener noreferrer"
              target="_blank"
            >
              <div
                class="c-loading"
              >
                <div
                  class="c-loader"
                />
              </div>
              <img
                alt="Deno"
                loading="lazy"
                src="cert/deno.jpg"
                width="600"
              />
            </a>
          </div>
        </div>
        <div
          class="c-section__actions"
        >
          <button
            class="c-btn "
            type="button"
          >
            Get in touch
          </button>
          <ul
            class="c-section__actions-list"
          >
            <li>
              <button
                class="c-btn c-section__actions-close"
                type="button"
              >
                Close
              </button>
            </li>
            <li>
              <button
                class="c-btn "
                type="button"
              >
                <svg
                  class="c-section__actions-icon"
                >
                  <use
                    xlink:href="#svg-email"
                  />
                </svg>
                <span>
                  Contact me
                </span>
                <strong>
                  directly
                </strong>
              </button>
            </li>
            <li>
              <a
                class="c-btn"
                href="https://app.usebraintrust.com/talent/782/"
                rel="noopener noreferrer"
                target="_blank"
              >
                <svg
                  class="c-section__actions-icon"
                >
                  <use
                    xlink:href="#svg-braintrust"
                  />
                </svg>
                <span>
                  Hire me on
                </span>
                <strong>
                  Braintrust
                </strong>
              </a>
            </li>
            <li>
              <a
                class="c-btn"
                href="https://www.toptal.com/resume/atanas-atanasov"
                rel="noopener noreferrer"
                target="_blank"
              >
                <svg
                  class="c-section__actions-icon"
                >
                  <use
                    xlink:href="#svg-toptal"
                  />
                </svg>
                <span>
                  Hire me on
                </span>
                <strong>
                  Toptal
                </strong>
              </a>
            </li>
          </ul>
        </div>
      </div>
    </section>
  </main>
</DocumentFragment>
`;
