// Jest Snapshot v1, https://jestjs.io/docs/snapshot-testing

exports[`Animation component Should render the Animation component 1`] = `
<DocumentFragment>
  <div
    style="margin-left: auto; margin-right: auto;"
  />
</DocumentFragment>
`;

exports[`Animation component Should unmount the Animation component 1`] = `<DocumentFragment />`;
