// Jest Snapshot v1, https://goo.gl/fbAQLP

exports[`Icon component Should render the Icon component 1`] = `
<DocumentFragment>
  <svg
    class="test"
  >
    <use
      xlink:href="#test"
    />
  </svg>
</DocumentFragment>
`;
