// Jest Snapshot v1, https://goo.gl/fbAQLP

exports[`Videos component Should render the Videos component 1`] = `
<DocumentFragment>
  <main
    class="o-main"
  >
    <section
      class="c-section c-section--videos c-section--slides"
      id="videos"
    >
      <div
        class="o-shell"
      >
        <header
          class="c-section__header"
        >
          <div
            class="c-section__animation"
            style="width: 150px; height: 150px; margin-left: auto; margin-right: auto;"
          />
          <h2>
            Videos
          </h2>
        </header>
        <div
          class="lines"
        >
          <div
            class="line line--vertical"
          />
          <div
            class="line line--vertical"
          />
          <div
            class="line line--vertical"
          />
        </div>
        <div
          class="lines"
        >
          <div
            class="line line--horizontal"
          />
          <div
            class="line line--horizontal"
          />
          <div
            class="line line--horizontal"
          />
        </div>
        <nav
          class="c-section__nav"
        >
          <ul>
            <li
              class="current"
            >
              <button
                aria-label="Switch to Do more with Sublime Text"
                class="c-btn"
                type="button"
              >
                Do more with Sublime Text
              </button>
            </li>
            <li>
              <button
                aria-label="Switch to Jarvis: Frontend project setup"
                class="c-btn"
                type="button"
              >
                Jarvis: Frontend project setup
              </button>
            </li>
          </ul>
        </nav>
        <div
          class="c-section__body"
        >
          <div
            class="c-section__frame current"
          >
            <div
              class="c-loading"
            >
              <div
                class="c-loader"
              />
            </div>
            <lite-youtube
              params="autoplay=0"
              playlabel="Do more with Sublime Text"
              style="background-image: url(https://i.ytimg.com/vi/5xcqprI17FQ/hqdefault.jpg);"
              title="Presentation about optimizing the web development workflow using Sublime Text editor"
              videoid="5xcqprI17FQ"
            >
              <button
                class="lty-playbtn"
                type="button"
              >
                <span
                  class="lyt-visually-hidden"
                >
                  Do more with Sublime Text
                </span>
              </button>
            </lite-youtube>
          </div>
          <div
            class="c-section__frame"
          >
            <div
              class="c-loading"
            >
              <div
                class="c-loader"
              />
            </div>
            <lite-youtube
              params="autoplay=0"
              playlabel="Jarvis: Frontend project setup"
              style="background-image: url(https://i.ytimg.com/vi/s-klXHLIZyY/hqdefault.jpg);"
              title="Presentation about the new and optimized frontend projects setup"
              videoid="s-klXHLIZyY"
            >
              <button
                class="lty-playbtn"
                type="button"
              >
                <span
                  class="lyt-visually-hidden"
                >
                  Jarvis: Frontend project setup
                </span>
              </button>
            </lite-youtube>
          </div>
        </div>
        <div
          class="c-section__actions"
        >
          <button
            class="c-btn"
            type="button"
          >
            Get in touch
          </button>
          <ul
            class="c-section__actions-list"
          >
            <li>
              <button
                class="c-btn c-section__actions-close"
                type="button"
              >
                Close
              </button>
            </li>
            <li>
              <button
                class="c-btn"
                type="button"
              >
                <svg
                  class="c-section__actions-icon"
                >
                  <use
                    xlink:href="#svg-email"
                  />
                </svg>
                <span>
                  Contact me
                </span>
                <strong>
                  directly
                </strong>
              </button>
            </li>
            <li>
              <a
                class="c-btn"
                href="https://app.usebraintrust.com/talent/782/"
                rel="noopener noreferrer"
                target="_blank"
              >
                <svg
                  class="c-section__actions-icon"
                >
                  <use
                    xlink:href="#svg-braintrust"
                  />
                </svg>
                <span>
                  Hire me on
                </span>
                <strong>
                  Braintrust
                </strong>
              </a>
            </li>
            <li>
              <a
                class="c-btn"
                href="https://www.toptal.com/resume/atanas-atanasov"
                rel="noopener noreferrer"
                target="_blank"
              >
                <svg
                  class="c-section__actions-icon"
                >
                  <use
                    xlink:href="#svg-toptal"
                  />
                </svg>
                <span>
                  Hire me on
                </span>
                <strong>
                  Toptal
                </strong>
              </a>
            </li>
          </ul>
        </div>
      </div>
    </section>
  </main>
</DocumentFragment>
`;

exports[`Videos component Should unmount the Videos component 1`] = `<DocumentFragment />`;
