// Jest Snapshot v1, https://jestjs.io/docs/snapshot-testing

exports[`Lines component Should render the Lines component 1`] = `
<DocumentFragment>
  <div
    class="lines"
  >
    <div
      class="line line--vertical"
    />
    <div
      class="line line--vertical"
    />
    <div
      class="line line--vertical"
    />
  </div>
  <div
    class="lines"
  >
    <div
      class="line line--horizontal"
    />
    <div
      class="line line--horizontal"
    />
    <div
      class="line line--horizontal"
    />
  </div>
</DocumentFragment>
`;

exports[`Lines component Should unmount the Lines component 1`] = `<DocumentFragment />`;
